[backblue.gif]
[fade.gif]
[index.html]
[beta.nvd.nist.gov/800-53/Rev4.html]
[beta.nvd.nist.gov/800-53/Rev4/family/Access Control.html]
[beta.nvd.nist.gov/800-53/Rev4/family/Audit and Accountability.html]
[beta.nvd.nist.gov/800-53/Rev4/family/Awareness and Training.html]
[beta.nvd.nist.gov/800-53/Rev4/family/Configuration Management.html]
[beta.nvd.nist.gov/800-53/Rev4/family/Contingency Planning.html]
[beta.nvd.nist.gov/800-53/Rev4/family/Identification and Authentication.html]
[beta.nvd.nist.gov/800-53/Rev4/family/Incident Response.html]
[beta.nvd.nist.gov/800-53/Rev4/family/Maintenance.html]
[beta.nvd.nist.gov/800-53/Rev4/family/Media Protection.html]
[beta.nvd.nist.gov/800-53/Rev4/family/Personnel Security.html]
[beta.nvd.nist.gov/800-53/Rev4/family/Physical and Environmental Protection.html]
[beta.nvd.nist.gov/800-53/Rev4/family/Planning.html]
[beta.nvd.nist.gov/800-53/Rev4/family/Program Management.html]
[beta.nvd.nist.gov/800-53/Rev4/family/Risk Assessment.html]
[beta.nvd.nist.gov/800-53/Rev4/family/Security Assessment and Authorization.html]
[beta.nvd.nist.gov/800-53/Rev4/family/System and Communications Protection.html]
[beta.nvd.nist.gov/800-53/Rev4/family/System and Information Integrity.html]
[beta.nvd.nist.gov/800-53/Rev4/family/System and Services Acquisition.html]
[beta.nvd.nist.gov/800-53/Rev4/impact/HIGH.html]
[beta.nvd.nist.gov/800-53/Rev4/impact/MODERATE.html]
[beta.nvd.nist.gov/800-53/Rev4/impact/LOW.html]
[beta.nvd.nist.gov/800-53/Rev4/impact/low-2.html]
[beta.nvd.nist.gov/800-53/Rev4/impact/moderate-2.html]
[beta.nvd.nist.gov/800-53/Rev4/impact/high-2.html]
[beta.nvd.nist.gov/800-53/Rev4/search.html]
[beta.nvd.nist.gov/800-53/Rev4/control/AC-1.html]
[beta.nvd.nist.gov/800-53/Rev4/control/AC-2.html]
[beta.nvd.nist.gov/800-53/Rev4/control/AC-3.html]
[beta.nvd.nist.gov/800-53/Rev4/control/AC-4.html]
[beta.nvd.nist.gov/800-53/Rev4/control/AC-5.html]
[beta.nvd.nist.gov/800-53/Rev4/control/AC-6.html]
[beta.nvd.nist.gov/800-53/Rev4/control/AC-7.html]
[beta.nvd.nist.gov/800-53/Rev4/control/AC-8.html]
[beta.nvd.nist.gov/800-53/Rev4/control/AC-9.html]
[beta.nvd.nist.gov/800-53/Rev4/control/AC-10.html]
[beta.nvd.nist.gov/800-53/Rev4/control/AC-11.html]
[beta.nvd.nist.gov/800-53/Rev4/control/AC-12.html]
[beta.nvd.nist.gov/800-53/Rev4/control/AC-13.html]
[beta.nvd.nist.gov/800-53/Rev4/control/AC-14.html]
[beta.nvd.nist.gov/800-53/Rev4/control/AC-15.html]
[beta.nvd.nist.gov/800-53/Rev4/control/AC-16.html]
[beta.nvd.nist.gov/800-53/Rev4/control/AC-17.html]
[beta.nvd.nist.gov/800-53/Rev4/control/AC-18.html]
[beta.nvd.nist.gov/800-53/Rev4/control/AC-19.html]
[beta.nvd.nist.gov/800-53/Rev4/control/AC-20.html]
[beta.nvd.nist.gov/800-53/Rev4/control/AC-21.html]
[beta.nvd.nist.gov/800-53/Rev4/control/AC-22.html]
[beta.nvd.nist.gov/800-53/Rev4/control/AC-23.html]
[beta.nvd.nist.gov/800-53/Rev4/control/AC-24.html]
[beta.nvd.nist.gov/800-53/Rev4/control/AC-25.html]
[beta.nvd.nist.gov/800-53/Rev4/control/AU-1.html]
[beta.nvd.nist.gov/800-53/Rev4/control/AU-2.html]
[beta.nvd.nist.gov/800-53/Rev4/control/AU-3.html]
[beta.nvd.nist.gov/800-53/Rev4/control/AU-4.html]
[beta.nvd.nist.gov/800-53/Rev4/control/AU-5.html]
[beta.nvd.nist.gov/800-53/Rev4/control/AU-6.html]
[beta.nvd.nist.gov/800-53/Rev4/control/AU-7.html]
[beta.nvd.nist.gov/800-53/Rev4/control/AU-8.html]
[beta.nvd.nist.gov/800-53/Rev4/control/AU-9.html]
[beta.nvd.nist.gov/800-53/Rev4/control/AU-10.html]
[beta.nvd.nist.gov/800-53/Rev4/control/AU-11.html]
[beta.nvd.nist.gov/800-53/Rev4/control/AU-12.html]
[beta.nvd.nist.gov/800-53/Rev4/control/AU-13.html]
[beta.nvd.nist.gov/800-53/Rev4/control/AU-14.html]
[beta.nvd.nist.gov/800-53/Rev4/control/AU-15.html]
[beta.nvd.nist.gov/800-53/Rev4/control/AU-16.html]
[beta.nvd.nist.gov/800-53/Rev4/control/AT-1.html]
[beta.nvd.nist.gov/800-53/Rev4/control/AT-2.html]
[beta.nvd.nist.gov/800-53/Rev4/control/AT-3.html]
[beta.nvd.nist.gov/800-53/Rev4/control/AT-4.html]
[beta.nvd.nist.gov/800-53/Rev4/control/AT-5.html]
[beta.nvd.nist.gov/800-53/Rev4/control/CM-1.html]
[beta.nvd.nist.gov/800-53/Rev4/control/CM-2.html]
[beta.nvd.nist.gov/800-53/Rev4/control/CM-3.html]
[beta.nvd.nist.gov/800-53/Rev4/control/CM-4.html]
[beta.nvd.nist.gov/800-53/Rev4/control/CM-5.html]
[beta.nvd.nist.gov/800-53/Rev4/control/CM-6.html]
[beta.nvd.nist.gov/800-53/Rev4/control/CM-7.html]
[beta.nvd.nist.gov/800-53/Rev4/control/CM-8.html]
[beta.nvd.nist.gov/800-53/Rev4/control/CM-9.html]
[beta.nvd.nist.gov/800-53/Rev4/control/CM-10.html]
[beta.nvd.nist.gov/800-53/Rev4/control/CM-11.html]
[beta.nvd.nist.gov/800-53/Rev4/control/CP-1.html]
[beta.nvd.nist.gov/800-53/Rev4/control/CP-2.html]
[beta.nvd.nist.gov/800-53/Rev4/control/CP-3.html]
[beta.nvd.nist.gov/800-53/Rev4/control/CP-4.html]
[beta.nvd.nist.gov/800-53/Rev4/control/CP-5.html]
[beta.nvd.nist.gov/800-53/Rev4/control/CP-6.html]
[beta.nvd.nist.gov/800-53/Rev4/control/CP-7.html]
[beta.nvd.nist.gov/800-53/Rev4/control/CP-8.html]
[beta.nvd.nist.gov/800-53/Rev4/control/CP-9.html]
[beta.nvd.nist.gov/800-53/Rev4/control/CP-10.html]
[beta.nvd.nist.gov/800-53/Rev4/control/CP-11.html]
[beta.nvd.nist.gov/800-53/Rev4/control/CP-12.html]
[beta.nvd.nist.gov/800-53/Rev4/control/CP-13.html]
[beta.nvd.nist.gov/800-53/Rev4/control/IA-1.html]
[beta.nvd.nist.gov/800-53/Rev4/control/IA-2.html]
[beta.nvd.nist.gov/800-53/Rev4/control/IA-3.html]
[beta.nvd.nist.gov/800-53/Rev4/control/IA-4.html]
[beta.nvd.nist.gov/800-53/Rev4/control/IA-5.html]
[beta.nvd.nist.gov/800-53/Rev4/control/IA-6.html]
[beta.nvd.nist.gov/800-53/Rev4/control/IA-7.html]
[beta.nvd.nist.gov/800-53/Rev4/control/IA-8.html]
[beta.nvd.nist.gov/800-53/Rev4/control/IA-9.html]
[beta.nvd.nist.gov/800-53/Rev4/control/IA-10.html]
[beta.nvd.nist.gov/800-53/Rev4/control/IA-11.html]
[beta.nvd.nist.gov/800-53/Rev4/control/IR-1.html]
[beta.nvd.nist.gov/800-53/Rev4/control/IR-2.html]
[beta.nvd.nist.gov/800-53/Rev4/control/IR-3.html]
[beta.nvd.nist.gov/800-53/Rev4/control/IR-4.html]
[beta.nvd.nist.gov/800-53/Rev4/control/IR-5.html]
[beta.nvd.nist.gov/800-53/Rev4/control/IR-6.html]
[beta.nvd.nist.gov/800-53/Rev4/control/IR-7.html]
[beta.nvd.nist.gov/800-53/Rev4/control/IR-8.html]
[beta.nvd.nist.gov/800-53/Rev4/control/IR-9.html]
[beta.nvd.nist.gov/800-53/Rev4/control/IR-10.html]
[beta.nvd.nist.gov/800-53/Rev4/control/MA-1.html]
[beta.nvd.nist.gov/800-53/Rev4/control/MA-2.html]
[beta.nvd.nist.gov/800-53/Rev4/control/MA-3.html]
[beta.nvd.nist.gov/800-53/Rev4/control/MA-4.html]
[beta.nvd.nist.gov/800-53/Rev4/control/MA-5.html]
[beta.nvd.nist.gov/800-53/Rev4/control/MA-6.html]
[beta.nvd.nist.gov/800-53/Rev4/control/MP-1.html]
[beta.nvd.nist.gov/800-53/Rev4/control/MP-2.html]
[beta.nvd.nist.gov/800-53/Rev4/control/MP-3.html]
[beta.nvd.nist.gov/800-53/Rev4/control/MP-4.html]
[beta.nvd.nist.gov/800-53/Rev4/control/MP-5.html]
[beta.nvd.nist.gov/800-53/Rev4/control/MP-6.html]
[beta.nvd.nist.gov/800-53/Rev4/control/MP-7.html]
[beta.nvd.nist.gov/800-53/Rev4/control/MP-8.html]
[beta.nvd.nist.gov/800-53/Rev4/control/PS-1.html]
[beta.nvd.nist.gov/800-53/Rev4/control/PS-2.html]
[beta.nvd.nist.gov/800-53/Rev4/control/PS-3.html]
[beta.nvd.nist.gov/800-53/Rev4/control/PS-4.html]
[beta.nvd.nist.gov/800-53/Rev4/control/PS-5.html]
[beta.nvd.nist.gov/800-53/Rev4/control/PS-6.html]
[beta.nvd.nist.gov/800-53/Rev4/control/PS-7.html]
[beta.nvd.nist.gov/800-53/Rev4/control/PS-8.html]
[beta.nvd.nist.gov/800-53/Rev4/control/PE-1.html]
[beta.nvd.nist.gov/800-53/Rev4/control/PE-2.html]
[beta.nvd.nist.gov/800-53/Rev4/control/PE-3.html]
[beta.nvd.nist.gov/800-53/Rev4/control/PE-4.html]
[beta.nvd.nist.gov/800-53/Rev4/control/PE-5.html]
[beta.nvd.nist.gov/800-53/Rev4/control/PE-6.html]
[beta.nvd.nist.gov/800-53/Rev4/control/PE-7.html]
[beta.nvd.nist.gov/800-53/Rev4/control/PE-8.html]
[beta.nvd.nist.gov/800-53/Rev4/control/PE-9.html]
[beta.nvd.nist.gov/800-53/Rev4/control/PE-10.html]
[beta.nvd.nist.gov/800-53/Rev4/control/PE-11.html]
[beta.nvd.nist.gov/800-53/Rev4/control/PE-12.html]
[beta.nvd.nist.gov/800-53/Rev4/control/PE-13.html]
[beta.nvd.nist.gov/800-53/Rev4/control/PE-14.html]
[beta.nvd.nist.gov/800-53/Rev4/control/PE-15.html]
[beta.nvd.nist.gov/800-53/Rev4/control/PE-16.html]
[beta.nvd.nist.gov/800-53/Rev4/control/PE-17.html]
[beta.nvd.nist.gov/800-53/Rev4/control/PE-18.html]
[beta.nvd.nist.gov/800-53/Rev4/control/PE-19.html]
[beta.nvd.nist.gov/800-53/Rev4/control/PE-20.html]
[beta.nvd.nist.gov/800-53/Rev4/control/PL-1.html]
[beta.nvd.nist.gov/800-53/Rev4/control/PL-2.html]
[beta.nvd.nist.gov/800-53/Rev4/control/PL-3.html]
[beta.nvd.nist.gov/800-53/Rev4/control/PL-4.html]
[beta.nvd.nist.gov/800-53/Rev4/control/PL-5.html]
[beta.nvd.nist.gov/800-53/Rev4/control/PL-6.html]
[beta.nvd.nist.gov/800-53/Rev4/control/PL-7.html]
[beta.nvd.nist.gov/800-53/Rev4/control/PL-8.html]
[beta.nvd.nist.gov/800-53/Rev4/control/PL-9.html]
[beta.nvd.nist.gov/800-53/Rev4/control/PM-1.html]
[beta.nvd.nist.gov/800-53/Rev4/control/PM-2.html]
[beta.nvd.nist.gov/800-53/Rev4/control/PM-3.html]
[beta.nvd.nist.gov/800-53/Rev4/control/PM-4.html]
[beta.nvd.nist.gov/800-53/Rev4/control/PM-5.html]
[beta.nvd.nist.gov/800-53/Rev4/control/PM-6.html]
[beta.nvd.nist.gov/800-53/Rev4/control/PM-7.html]
[beta.nvd.nist.gov/800-53/Rev4/control/PM-8.html]
[beta.nvd.nist.gov/800-53/Rev4/control/PM-9.html]
[beta.nvd.nist.gov/800-53/Rev4/control/PM-10.html]
[beta.nvd.nist.gov/800-53/Rev4/control/PM-11.html]
[beta.nvd.nist.gov/800-53/Rev4/control/PM-12.html]
[beta.nvd.nist.gov/800-53/Rev4/control/PM-13.html]
[beta.nvd.nist.gov/800-53/Rev4/control/PM-14.html]
[beta.nvd.nist.gov/800-53/Rev4/control/PM-15.html]
[beta.nvd.nist.gov/800-53/Rev4/control/PM-16.html]
[beta.nvd.nist.gov/800-53/Rev4/control/RA-1.html]
[beta.nvd.nist.gov/800-53/Rev4/control/RA-2.html]
[beta.nvd.nist.gov/800-53/Rev4/control/RA-3.html]
[beta.nvd.nist.gov/800-53/Rev4/control/RA-4.html]
[beta.nvd.nist.gov/800-53/Rev4/control/RA-5.html]
[beta.nvd.nist.gov/800-53/Rev4/control/RA-6.html]
[beta.nvd.nist.gov/800-53/Rev4/control/CA-1.html]
[beta.nvd.nist.gov/800-53/Rev4/control/CA-2.html]
[beta.nvd.nist.gov/800-53/Rev4/control/CA-3.html]
[beta.nvd.nist.gov/800-53/Rev4/control/CA-4.html]
[beta.nvd.nist.gov/800-53/Rev4/control/CA-5.html]
[beta.nvd.nist.gov/800-53/Rev4/control/CA-6.html]
[beta.nvd.nist.gov/800-53/Rev4/control/CA-7.html]
[beta.nvd.nist.gov/800-53/Rev4/control/CA-8.html]
[beta.nvd.nist.gov/800-53/Rev4/control/CA-9.html]
[beta.nvd.nist.gov/800-53/Rev4/control/SC-1.html]
[beta.nvd.nist.gov/800-53/Rev4/control/SC-2.html]
[beta.nvd.nist.gov/800-53/Rev4/control/SC-3.html]
[beta.nvd.nist.gov/800-53/Rev4/control/SC-4.html]
[beta.nvd.nist.gov/800-53/Rev4/control/SC-5.html]
[beta.nvd.nist.gov/800-53/Rev4/control/SC-6.html]
[beta.nvd.nist.gov/800-53/Rev4/control/SC-7.html]
[beta.nvd.nist.gov/800-53/Rev4/control/SC-8.html]
[beta.nvd.nist.gov/800-53/Rev4/control/SC-9.html]
[beta.nvd.nist.gov/800-53/Rev4/control/SC-10.html]
[beta.nvd.nist.gov/800-53/Rev4/control/SC-11.html]
[beta.nvd.nist.gov/800-53/Rev4/control/SC-12.html]
[beta.nvd.nist.gov/800-53/Rev4/control/SC-13.html]
[beta.nvd.nist.gov/800-53/Rev4/control/SC-14.html]
[beta.nvd.nist.gov/800-53/Rev4/control/SC-15.html]
[beta.nvd.nist.gov/800-53/Rev4/control/SC-16.html]
[beta.nvd.nist.gov/800-53/Rev4/control/SC-17.html]
[beta.nvd.nist.gov/800-53/Rev4/control/SC-18.html]
[beta.nvd.nist.gov/800-53/Rev4/control/SC-19.html]
[beta.nvd.nist.gov/800-53/Rev4/control/SC-20.html]
[beta.nvd.nist.gov/800-53/Rev4/control/SC-21.html]
[beta.nvd.nist.gov/800-53/Rev4/control/SC-22.html]
[beta.nvd.nist.gov/800-53/Rev4/control/SC-23.html]
[beta.nvd.nist.gov/800-53/Rev4/control/SC-24.html]
[beta.nvd.nist.gov/800-53/Rev4/control/SC-25.html]
[beta.nvd.nist.gov/800-53/Rev4/control/SC-26.html]
[beta.nvd.nist.gov/800-53/Rev4/control/SC-27.html]
[beta.nvd.nist.gov/800-53/Rev4/control/SC-28.html]
[beta.nvd.nist.gov/800-53/Rev4/control/SC-29.html]
[beta.nvd.nist.gov/800-53/Rev4/control/SC-30.html]
[beta.nvd.nist.gov/800-53/Rev4/control/SC-31.html]
[beta.nvd.nist.gov/800-53/Rev4/control/SC-32.html]
[beta.nvd.nist.gov/800-53/Rev4/control/SC-33.html]
[beta.nvd.nist.gov/800-53/Rev4/control/SC-34.html]
[beta.nvd.nist.gov/800-53/Rev4/control/SC-35.html]
[beta.nvd.nist.gov/800-53/Rev4/control/SC-36.html]
[beta.nvd.nist.gov/800-53/Rev4/control/SC-37.html]
[beta.nvd.nist.gov/800-53/Rev4/control/SC-38.html]
[beta.nvd.nist.gov/800-53/Rev4/control/SC-39.html]
[beta.nvd.nist.gov/800-53/Rev4/control/SC-40.html]
[beta.nvd.nist.gov/800-53/Rev4/control/SC-41.html]
[beta.nvd.nist.gov/800-53/Rev4/control/SC-42.html]
[beta.nvd.nist.gov/800-53/Rev4/control/SC-43.html]
[beta.nvd.nist.gov/800-53/Rev4/control/SC-44.html]
[beta.nvd.nist.gov/800-53/Rev4/control/SI-1.html]
[beta.nvd.nist.gov/800-53/Rev4/control/SI-2.html]
[beta.nvd.nist.gov/800-53/Rev4/control/SI-3.html]
[beta.nvd.nist.gov/800-53/Rev4/control/SI-4.html]
[beta.nvd.nist.gov/800-53/Rev4/control/SI-5.html]
[beta.nvd.nist.gov/800-53/Rev4/control/SI-6.html]
[beta.nvd.nist.gov/800-53/Rev4/control/SI-7.html]
[beta.nvd.nist.gov/800-53/Rev4/control/SI-8.html]
[beta.nvd.nist.gov/800-53/Rev4/control/SI-9.html]
[beta.nvd.nist.gov/800-53/Rev4/control/SI-10.html]
[beta.nvd.nist.gov/800-53/Rev4/control/SI-11.html]
[beta.nvd.nist.gov/800-53/Rev4/control/SI-12.html]
[beta.nvd.nist.gov/800-53/Rev4/control/SI-13.html]
[beta.nvd.nist.gov/800-53/Rev4/control/SI-14.html]
[beta.nvd.nist.gov/800-53/Rev4/control/SI-15.html]
[beta.nvd.nist.gov/800-53/Rev4/control/SI-16.html]
[beta.nvd.nist.gov/800-53/Rev4/control/SI-17.html]
[beta.nvd.nist.gov/800-53/Rev4/control/SA-1.html]
[beta.nvd.nist.gov/800-53/Rev4/control/SA-2.html]
[beta.nvd.nist.gov/800-53/Rev4/control/SA-3.html]
[beta.nvd.nist.gov/800-53/Rev4/control/SA-4.html]
[beta.nvd.nist.gov/800-53/Rev4/control/SA-5.html]
[beta.nvd.nist.gov/800-53/Rev4/control/SA-6.html]
[beta.nvd.nist.gov/800-53/Rev4/control/SA-7.html]
[beta.nvd.nist.gov/800-53/Rev4/control/SA-8.html]
[beta.nvd.nist.gov/800-53/Rev4/control/SA-9.html]
[beta.nvd.nist.gov/800-53/Rev4/control/SA-10.html]
[beta.nvd.nist.gov/800-53/Rev4/control/SA-11.html]
[beta.nvd.nist.gov/800-53/Rev4/control/SA-12.html]
[beta.nvd.nist.gov/800-53/Rev4/control/SA-13.html]
[beta.nvd.nist.gov/800-53/Rev4/control/SA-14.html]
[beta.nvd.nist.gov/800-53/Rev4/control/SA-15.html]
[beta.nvd.nist.gov/800-53/Rev4/control/SA-16.html]
[beta.nvd.nist.gov/800-53/Rev4/control/SA-17.html]
[beta.nvd.nist.gov/800-53/Rev4/control/SA-18.html]
[beta.nvd.nist.gov/800-53/Rev4/control/SA-19.html]
[beta.nvd.nist.gov/800-53/Rev4/control/SA-20.html]
[beta.nvd.nist.gov/800-53/Rev4/control/SA-21.html]
[beta.nvd.nist.gov/800-53/Rev4/control/SA-22.html]
[beta.nvd.nist.gov/800-53/Rev4/family/ACCESS CONTROL-2.html]
[beta.nvd.nist.gov/800-53/Rev4/class/index.html]
[beta.nvd.nist.gov/800-53/Rev4/home.html]
[beta.nvd.nist.gov/800-53/Rev4/family/AUDIT AND ACCOUNTABILITY-2.html]
[beta.nvd.nist.gov/800-53/Rev4/family/AWARENESS AND TRAINING-2.html]
[beta.nvd.nist.gov/800-53/Rev4/family/CONFIGURATION MANAGEMENT-2.html]
[beta.nvd.nist.gov/800-53/Rev4/family/CONTINGENCY PLANNING-2.html]
[beta.nvd.nist.gov/800-53/Rev4/family/IDENTIFICATION AND AUTHENTICATION-2.html]
[beta.nvd.nist.gov/800-53/Rev4/family/INCIDENT RESPONSE-2.html]
[beta.nvd.nist.gov/800-53/Rev4/family/MAINTENANCE-2.html]
[beta.nvd.nist.gov/800-53/Rev4/family/MEDIA PROTECTION-2.html]
[beta.nvd.nist.gov/800-53/Rev4/family/PERSONNEL SECURITY-2.html]
[beta.nvd.nist.gov/800-53/Rev4/family/PHYSICAL AND ENVIRONMENTAL PROTECTION-2.html]
[beta.nvd.nist.gov/800-53/Rev4/family/PLANNING-2.html]
[beta.nvd.nist.gov/800-53/Rev4/family/PROGRAM MANAGEMENT-2.html]
[beta.nvd.nist.gov/800-53/Rev4/family/RISK ASSESSMENT-2.html]
[beta.nvd.nist.gov/800-53/Rev4/family/SECURITY ASSESSMENT AND AUTHORIZATION-2.html]
[beta.nvd.nist.gov/800-53/Rev4/family/SYSTEM AND COMMUNICATIONS PROTECTION-2.html]
[beta.nvd.nist.gov/800-53/Rev4/family/SYSTEM AND INFORMATION INTEGRITY-2.html]
[beta.nvd.nist.gov/800-53/Rev4/family/SYSTEM AND SERVICES ACQUISITION-2.html]
